Microchip MPLAB XC8 Compiler V2.40

Linker command line:

-W-3 \
  --edf=C:\Program Files\Microchip\xc8\v2.40\pic\dat\20220703182018_en.msgs \
  -cn -h+dist/default/production\PF2.X.production.sym \
  --cmf=dist/default/production\PF2.X.production.cmf -z -Q18F57Q43 \
  -oC:\Users\Tito\AppData\Local\Temp\xcAsfes.4 --defsym=__MPLAB_BUILD=1 \
  --fixupoverflow=error -Mdist/default/production/PF2.X.production.map \
  --md=C:\Users\Tito\AppData\Local\Temp\xcAsfes.dat -E1 -ver=XC8 Compiler \
  --acfsm=1493 -ACODE=00h-01FFFFh -ACONST=00h-01FFFFh \
  -ASMALLCONST=02600h-026FFhx474 \
  -AMEDIUMCONST=02600h-0FFFFh,012600h-01FFFFh -ACOMRAM=0501h-055Fh \
  -AABS1=0500h-024FFh -ABIGRAM=0501h-024FFh \
  -ARAM=0560h-05FFh,0600h-06FFhx31 -ABANK5=0560h-05FFh -ABANK6=0600h-06FFh \
  -ABANK7=0700h-07FFh -ABANK8=0800h-08FFh -ABANK9=0900h-09FFh \
  -ABANK10=0A00h-0AFFh -ABANK11=0B00h-0BFFh -ABANK12=0C00h-0CFFh \
  -ABANK13=0D00h-0DFFh -ABANK14=0E00h-0EFFh -ABANK15=0F00h-0FFFh \
  -ABANK16=01000h-010FFh -ABANK17=01100h-011FFh -ABANK18=01200h-012FFh \
  -ABANK19=01300h-013FFh -ABANK20=01400h-014FFh -ABANK21=01500h-015FFh \
  -ABANK22=01600h-016FFh -ABANK23=01700h-017FFh -ABANK24=01800h-018FFh \
  -ABANK25=01900h-019FFh -ABANK26=01A00h-01AFFh -ABANK27=01B00h-01BFFh \
  -ABANK28=01C00h-01CFFh -ABANK29=01D00h-01DFFh -ABANK30=01E00h-01EFFh \
  -ABANK31=01F00h-01FFFh -ABANK32=02000h-020FFh -ABANK33=02100h-021FFh \
  -ABANK34=02200h-022FFh -ABANK35=02300h-023FFh -ABANK36=02400h-024FFh \
  -ASFR=00h-0FFhx4,0400h-045Fh,0460h-04FFh,02500h-025FFh \
  -ABIGSFR=00h-04FFh,02500h-025FFh -ACONFIG=0300000h-0300011h \
  -AIDLOC=0200000h-020003Fh -AEEDATA=0380000h-03803FFh -peeprom_data=EEDATA \
  -preset_vec=00h -ppowerup=CODE,init -pramtop=02600h \
  -psmallconst=SMALLCONST -pmediumconst=MEDIUMCONST -pconst=CONST \
  -AFARRAM=00h-00h \
  -prdata=COMRAM,nvrram=COMRAM,nvbit=COMRAM,rbss=COMRAM,rbit=COMRAM \
  -pfarbss=FARRAM,fardata=FARRAM,nvFARRAM=FARRAM \
  -pintsave_regs=BIGRAM,bigbss=BIGRAM,bigdata=BIGRAM -pbss=RAM \
  -pidata=CODE,irdata=CODE,ibigdata=CODE,ifardata=CODE -prparam=COMRAM \
  C:\Users\Tito\AppData\Local\Temp\xcAsfes.o \
  dist/default/production\PF2.X.production.o 

Object code version is 3.11

Machine type is 18F57Q43



                Name                               Link     Load   Length Selector   Space Scale
C:\Users\Tito\AppData\Local\Temp\xcAsfes.o
                idloc                            200000   200000       40        0       5
                config                           300000   300000        A        0       4
                init                              1FFFC    1FFFC        4     FFFE       0
                reset_vec                             0        0        4        0       0
dist/default/production\PF2.X.production.o
                idloc                            200000   200000       40        0       5
                config                           300000   300000        A        0       4
                smallconst                         2600     2600       1C     1300       0
                text33                             4B86     4B86       30     130E       0
                text32                             497E     497E       5C     130E       0
                text31                             4C1E     4C1E       1C     130E       0
                text30                             45BE     45BE       AC     130E       0
                text29                             4BDE     4BDE       24     130E       0
                text28                             4C82     4C82        E     130E       0
                text27                             4C74     4C74        E     130E       0
                text26                             4C66     4C66        E     130E       0
                text25                             48B0     48B0       68     130E       0
                text24                             4C50     4C50       16     130E       0
                text23                             4102     4102      1B4     130E       0
                text22                             3928     3928      39A     130E       0
                text21                             466A     466A       AA     130E       0
                text20                             43BC     43BC      104     130E       0
                text19                             34FE     34FE      42A     130E       0
                text18                             4B4E     4B4E       38     130E       0
                text17                             303E     303E      4C0     130E       0
                text16                             4A80     4A80       46     130E       0
                text15                             42B6     42B6      106     130E       0
                text14                             44C0     44C0       FE     130E       0
                text13                             3EF0     3EF0      212     130E       0
                text12                             4918     4918       66     130E       0
                text11                             4A30     4A30       50     130E       0
                text10                             4C3A     4C3A       16     130E       0
                text9                              4C90     4C90        A     130E       0
                text8                              4714     4714       96     130E       0
                text7                              4B0A     4B0A       44     130E       0
                text6                              4836     4836       7A     130E       0
                text5                              4AC6     4AC6       44     130E       0
                text4                              261C     261C      A22     130E       0
                text3                              3CC2     3CC2      22E     130E       0
                text2                              49DA     49DA       56     130E       0
                text1                              4BB6     4BB6       28     130E       0
                text0                              47AA     47AA       8C     130E       0
                cstackCOMRAM                        501      501       58      501       1
                cstackBANK5                         5B9      5B9       3E      560       1
                bssBANK5                            560      560       59      560       1
                bssCOMRAM                           559      559        5      501       1
                cinit                              4C02     4C02       1C     130E       0
                nvBANK5                             5F7      5F7        9      560       1

TOTAL           Name                               Link     Load   Length     Space
        CLASS   CODE           
                init                              1FFFC    1FFFC        4         0
                reset_vec                             0        0        4         0
                text33                             4B86     4B86       30         0
                text32                             497E     497E       5C         0
                text31                             4C1E     4C1E       1C         0
                text30                             45BE     45BE       AC         0
                text29                             4BDE     4BDE       24         0
                text28                             4C82     4C82        E         0
                text27                             4C74     4C74        E         0
                text26                             4C66     4C66        E         0
                text25                             48B0     48B0       68         0
                text24                             4C50     4C50       16         0
                text23                             4102     4102      1B4         0
                text22                             3928     3928      39A         0
                text21                             466A     466A       AA         0
                text20                             43BC     43BC      104         0
                text19                             34FE     34FE      42A         0
                text18                             4B4E     4B4E       38         0
                text17                             303E     303E      4C0         0
                text16                             4A80     4A80       46         0
                text15                             42B6     42B6      106         0
                text14                             44C0     44C0       FE         0
                text13                             3EF0     3EF0      212         0
                text12                             4918     4918       66         0
                text11                             4A30     4A30       50         0
                text10                             4C3A     4C3A       16         0
                text9                              4C90     4C90        A         0
                text8                              4714     4714       96         0
                text7                              4B0A     4B0A       44         0
                text6                              4836     4836       7A         0
                text5                              4AC6     4AC6       44         0
                text4                              261C     261C      A22         0
                text3                              3CC2     3CC2      22E         0
                text2                              49DA     49DA       56         0
                text1                              4BB6     4BB6       28         0
                text0                              47AA     47AA       8C         0
                cinit                              4C02     4C02       1C         0

        CLASS   CONST          

        CLASS   SMALLCONST     
                smallconst                         2600     2600       1C         0

        CLASS   MEDIUMCONST    

        CLASS   COMRAM         
                cstackCOMRAM                        501      501       58         1
                bssCOMRAM                           559      559        5         1

        CLASS   ABS1           

        CLASS   BIGRAM         

        CLASS   RAM            

        CLASS   BANK5          
                cstackBANK5                         5B9      5B9       3E         1
                bssBANK5                            560      560       59         1
                nvBANK5                             5F7      5F7        9         1

        CLASS   BANK6          

        CLASS   BANK7          

        CLASS   BANK8          

        CLASS   BANK9          

        CLASS   BANK10         

        CLASS   BANK11         

        CLASS   BANK12         

        CLASS   BANK13         

        CLASS   BANK14         

        CLASS   BANK15         

        CLASS   BANK16         

        CLASS   BANK17         

        CLASS   BANK18         

        CLASS   BANK19         

        CLASS   BANK20         

        CLASS   BANK21         

        CLASS   BANK22         

        CLASS   BANK23         

        CLASS   BANK24         

        CLASS   BANK25         

        CLASS   BANK26         

        CLASS   BANK27         

        CLASS   BANK28         

        CLASS   BANK29         

        CLASS   BANK30         

        CLASS   BANK31         

        CLASS   BANK32         

        CLASS   BANK33         

        CLASS   BANK34         

        CLASS   BANK35         

        CLASS   BANK36         

        CLASS   SFR            

        CLASS   BIGSFR         

        CLASS   CONFIG         
                config                           300000   300000        A         4

        CLASS   IDLOC          
                idloc                            200000   200000       40         5

        CLASS   EEDATA         

        CLASS   FARRAM         

        CLASS   HEAP           

        CLASS   STACK          



SEGMENTS        Name                           Load    Length   Top    Selector   Space  Class

                reset_vec                      000000  000004  000004         0       0  CODE    
                cstackCOMRAM                   000501  00005D  00055E       501       1  COMRAM  
                bssBANK5                       000560  0000A0  000600       560       1  BANK5   
                smallconst                     002600  00001C  00261C      1300       0  SMALLCON
                text4                          00261C  00267E  004C9A      130E       0  CODE    
                init                           01FFFC  000004  020000      FFFE       0  CODE    


UNUSED ADDRESS RANGES

        Name                Unused          Largest block    Delta
        BANK10           000A00-000AFF              100
        BANK11           000B00-000BFF              100
        BANK12           000C00-000CFF              100
        BANK13           000D00-000DFF              100
        BANK14           000E00-000EFF              100
        BANK15           000F00-000FFF              100
        BANK16           001000-0010FF              100
        BANK17           001100-0011FF              100
        BANK18           001200-0012FF              100
        BANK19           001300-0013FF              100
        BANK20           001400-0014FF              100
        BANK21           001500-0015FF              100
        BANK22           001600-0016FF              100
        BANK23           001700-0017FF              100
        BANK24           001800-0018FF              100
        BANK25           001900-0019FF              100
        BANK26           001A00-001AFF              100
        BANK27           001B00-001BFF              100
        BANK28           001C00-001CFF              100
        BANK29           001D00-001DFF              100
        BANK30           001E00-001EFF              100
        BANK31           001F00-001FFF              100
        BANK32           002000-0020FF              100
        BANK33           002100-0021FF              100
        BANK34           002200-0022FF              100
        BANK35           002300-0023FF              100
        BANK36           002400-0024FF              100
        BANK6            000600-0006FF              100
        BANK7            000700-0007FF              100
        BANK8            000800-0008FF              100
        BANK9            000900-0009FF              100
        BIGRAM           00055E-00055F                2
                         000600-0024FF             1F00
        BIGSFR           000000-0004FF              500
                         002500-0025FF              100
        CODE             000004-0025FF             25FC
                         004C9A-01FFFB            1B362
        COMRAM           00055E-00055F                2
        CONFIG           30000A-300011                8
        CONST            000004-0025FF             25FC
                         004C9A-01FFFB            1B362
        EEDATA           380000-3803FF              400
        MEDIUMCONST      004C9A-00FFFF             B366
                         012600-01FFFB             D9FC
        RAM              000600-0024FF              100
        SFR              000000-0004FF              100
                         002500-0025FF              100
        SMALLCONST       004C9A-01FFFB              100

                                  Symbol Table

?_ADCC_GetSingleConversion                    cstackCOMRAM 000501
?___fladd                                     cstackCOMRAM 000501
?___fldiv                                     cstackCOMRAM 000501
?___flmul                                     cstackCOMRAM 000514
?___flneg                                     cstackCOMRAM 000501
?___flsub                                     cstackCOMRAM 00052D
?___fltol                                     cstackCOMRAM 000501
?___fpclassifyf                               cstackCOMRAM 000501
?___xxtofl                                    cstackCOMRAM 000506
?_floorf                                      cstackCOMRAM 00051A
?_labs                                        cstackCOMRAM 000501
?_printf                                      cstackBANK5  0005F1
?_vfprintf                                    cstackBANK5  0005EB
ADCC_GetSingleConversion@channel              cstackCOMRAM 000505
UART3_SetErrorHandler@interruptHandler        cstackCOMRAM 000501
UART3_SetFramingErrorHandler@interruptHandler cstackCOMRAM 000501
UART3_SetOverrunErrorHandler@interruptHandler cstackCOMRAM 000501
UART3_Write@txData                            cstackCOMRAM 000501
_ACTCON                                       (abs)        0000AC
_ADACCH                                       (abs)        0003E4
_ADACCL                                       (abs)        0003E3
_ADACCU                                       (abs)        0003E5
_ADACQH                                       (abs)        0003EF
_ADACQL                                       (abs)        0003EE
_ADACT                                        (abs)        0003F9
_ADCAP                                        (abs)        0003F0
_ADCC_GetSingleConversion                     text33       004B86
_ADCC_Initialize                              text32       00497E
_ADCLK                                        (abs)        0003FA
_ADCNT                                        (abs)        0003E6
_ADCON0                                       (abs)        0003F3
_ADCON0bits                                   (abs)        0003F3
_ADCON1                                       (abs)        0003F4
_ADCON1bits                                   (abs)        0003F4
_ADCON2                                       (abs)        0003F5
_ADCON2bits                                   (abs)        0003F5
_ADCON3                                       (abs)        0003F6
_ADCON3bits                                   (abs)        0003F6
_ADERRH                                       (abs)        0003DE
_ADERRL                                       (abs)        0003DD
_ADFLTRH                                      (abs)        0003E2
_ADFLTRL                                      (abs)        0003E1
_ADLTHH                                       (abs)        0003DA
_ADLTHL                                       (abs)        0003D9
_ADPCH                                        (abs)        0003EC
_ADPREH                                       (abs)        0003F2
_ADPREL                                       (abs)        0003F1
_ADPREVH                                      (abs)        0003E9
_ADPREVL                                      (abs)        0003E8
_ADREF                                        (abs)        0003F8
_ADRESH                                       (abs)        0003EB
_ADRESL                                       (abs)        0003EA
_ADRPT                                        (abs)        0003E7
_ADSTAT                                       (abs)        0003F7
_ADSTATbits                                   (abs)        0003F7
_ADSTPTH                                      (abs)        0003E0
_ADSTPTL                                      (abs)        0003DF
_ADUTHH                                       (abs)        0003DC
_ADUTHL                                       (abs)        0003DB
_ANSELA                                       (abs)        000400
_ANSELB                                       (abs)        000408
_ANSELC                                       (abs)        000410
_ANSELD                                       (abs)        000418
_ANSELE                                       (abs)        000420
_ANSELF                                       (abs)        000428
_INLVLA                                       (abs)        000404
_INLVLB                                       (abs)        00040C
_INLVLC                                       (abs)        000414
_INLVLD                                       (abs)        00041C
_INLVLE                                       (abs)        000424
_INLVLF                                       (abs)        00042C
_LATA                                         (abs)        0004BE
_LATB                                         (abs)        0004BF
_LATC                                         (abs)        0004C0
_LATD                                         (abs)        0004C1
_LATE                                         (abs)        0004C2
_LATF                                         (abs)        0004C3
_ODCONA                                       (abs)        000402
_ODCONB                                       (abs)        00040A
_ODCONC                                       (abs)        000412
_ODCOND                                       (abs)        00041A
_ODCONE                                       (abs)        000422
_ODCONF                                       (abs)        00042A
_OSCCON1                                      (abs)        0000AD
_OSCCON3                                      (abs)        0000AF
_OSCEN                                        (abs)        0000B3
_OSCFRQ                                       (abs)        0000B1
_OSCILLATOR_Initialize                        text31       004C1E
_OSCTUNE                                      (abs)        0000B0
_PIN_MANAGER_Initialize                       text30       0045BE
_PIR9bits                                     (abs)        0004B7
_PMD0                                         (abs)        000060
_PMD1                                         (abs)        000061
_PMD3                                         (abs)        000063
_PMD4                                         (abs)        000064
_PMD5                                         (abs)        000065
_PMD6                                         (abs)        000066
_PMD7                                         (abs)        000067
_PMD8                                         (abs)        000068
_PMD_Initialize                               text29       004BDE
_RA3PPS                                       (abs)        000204
_RB1I2C                                       (abs)        000289
_RB2I2C                                       (abs)        000288
_RC3I2C                                       (abs)        000287
_RC4I2C                                       (abs)        000286
_RF0PPS                                       (abs)        000229
_SLRCONA                                      (abs)        000403
_SLRCONB                                      (abs)        00040B
_SLRCONC                                      (abs)        000413
_SLRCOND                                      (abs)        00041B
_SLRCONE                                      (abs)        000423
_SLRCONF                                      (abs)        00042B
_SYSTEM_Initialize                            text24       004C50
_TRISA                                        (abs)        0004C6
_TRISB                                        (abs)        0004C7
_TRISC                                        (abs)        0004C8
_TRISD                                        (abs)        0004C9
_TRISE                                        (abs)        0004CA
_TRISF                                        (abs)        0004CB
_U3BRGH                                       (abs)        0002D5
_U3BRGL                                       (abs)        0002D4
_U3CON0                                       (abs)        0002D1
_U3CON0bits                                   (abs)        0002D1
_U3CON1                                       (abs)        0002D2
_U3CON2                                       (abs)        0002D3
_U3ERRIE                                      (abs)        0002D9
_U3ERRIR                                      (abs)        0002D8
_U3ERRIRbits                                  (abs)        0002D8
_U3FIFO                                       (abs)        0002D6
_U3P1L                                        (abs)        0002CB
_U3P2L                                        (abs)        0002CD
_U3P3L                                        (abs)        0002CF
_U3RXB                                        (abs)        0002C7
_U3RXPPS                                      (abs)        000276
_U3TXB                                        (abs)        0002C9
_U3UIR                                        (abs)        0002D7
_UART3_DefaultErrorHandler                    (abs)        000000
_UART3_DefaultFramingErrorHandler             (abs)        000000
_UART3_DefaultOverrunErrorHandler             (abs)        000000
_UART3_ErrorHandler                           nvBANK5      0005F7
_UART3_FramingErrorHandler                    nvBANK5      0005FD
_UART3_Initialize                             text25       0048B0
_UART3_OverrunErrorHandler                    nvBANK5      0005FA
_UART3_SetErrorHandler                        text28       004C82
_UART3_SetFramingErrorHandler                 text27       004C74
_UART3_SetOverrunErrorHandler                 text26       004C66
_UART3_Write                                  text10       004C3A
_WPUA                                         (abs)        000401
_WPUB                                         (abs)        000409
_WPUC                                         (abs)        000411
_WPUD                                         (abs)        000419
_WPUE                                         (abs)        000421
_WPUF                                         (abs)        000429
__HRAM                                        (abs)        000000
__Habs1                                       abs1         000000
__Hbank10                                     bank10       000000
__Hbank11                                     bank11       000000
__Hbank12                                     bank12       000000
__Hbank13                                     bank13       000000
__Hbank14                                     bank14       000000
__Hbank15                                     bank15       000000
__Hbank16                                     bank16       000000
__Hbank17                                     bank17       000000
__Hbank18                                     bank18       000000
__Hbank19                                     bank19       000000
__Hbank20                                     bank20       000000
__Hbank21                                     bank21       000000
__Hbank22                                     bank22       000000
__Hbank23                                     bank23       000000
__Hbank24                                     bank24       000000
__Hbank25                                     bank25       000000
__Hbank26                                     bank26       000000
__Hbank27                                     bank27       000000
__Hbank28                                     bank28       000000
__Hbank29                                     bank29       000000
__Hbank30                                     bank30       000000
__Hbank31                                     bank31       000000
__Hbank32                                     bank32       000000
__Hbank33                                     bank33       000000
__Hbank34                                     bank34       000000
__Hbank35                                     bank35       000000
__Hbank36                                     bank36       000000
__Hbank5                                      bank5        000000
__Hbank6                                      bank6        000000
__Hbank7                                      bank7        000000
__Hbank8                                      bank8        000000
__Hbank9                                      bank9        000000
__Hbigbss                                     bigbss       000000
__Hbigdata                                    bigdata      000000
__Hbigram                                     bigram       000000
__Hbigsfr                                     bigsfr       000000
__Hbss                                        bss          000000
__HbssBANK5                                   bssBANK5     000000
__HbssCOMRAM                                  bssCOMRAM    000000
__Hcinit                                      cinit        000000
__Hclrtext                                    clrtext      000000
__Hcomram                                     comram       000000
__Hconfig                                     config       30000A
__Hconst                                      const        000000
__HcstackBANK5                                cstackBANK5  000000
__HcstackCOMRAM                               cstackCOMRAM 000000
__Hdata                                       data         000000
__Heeprom_data                                eeprom_data  000000
__Hfarbss                                     farbss       000000
__Hfardata                                    fardata      000000
__Hheap                                       heap         000000
__Hibigdata                                   ibigdata     000000
__Hidata                                      idata        000000
__Hidloc                                      idloc        200040
__Hifardata                                   ifardata     000000
__Hinit                                       init         020000
__Hintsave_regs                               intsave_regs 000000
__Hirdata                                     irdata       000000
__Hmediumconst                                mediumconst  000000
__HnvBANK5                                    nvBANK5      000000
__HnvFARRAM                                   nvFARRAM     000000
__Hnvbit                                      nvbit        000000
__Hnvrram                                     nvrram       000000
__Hparam                                      rparam       000000
__Hpowerup                                    powerup      000000
__Hram                                        ram          000000
__Hramtop                                     ramtop       002600
__Hrbit                                       rbit         000000
__Hrbss                                       rbss         000000
__Hrdata                                      rdata        000000
__Hreset_vec                                  reset_vec    000004
__Hrparam                                     rparam       000000
__Hsfr                                        sfr          000000
__Hsmallconst                                 smallconst   00261C
__Hspace_0                                    (abs)        020000
__Hspace_1                                    (abs)        000600
__Hspace_2                                    (abs)        000000
__Hspace_4                                    (abs)        60000A
__Hstack                                      stack        000000
__Hstruct                                     struct       000000
__Htemp                                       temp         000000
__Htext                                       text         000000
__Htext0                                      text0        000000
__Htext1                                      text1        000000
__Htext10                                     text10       000000
__Htext11                                     text11       000000
__Htext12                                     text12       000000
__Htext13                                     text13       000000
__Htext14                                     text14       000000
__Htext15                                     text15       000000
__Htext16                                     text16       000000
__Htext17                                     text17       000000
__Htext18                                     text18       000000
__Htext19                                     text19       000000
__Htext2                                      text2        000000
__Htext20                                     text20       000000
__Htext21                                     text21       000000
__Htext22                                     text22       000000
__Htext23                                     text23       000000
__Htext24                                     text24       000000
__Htext25                                     text25       000000
__Htext26                                     text26       000000
__Htext27                                     text27       000000
__Htext28                                     text28       000000
__Htext29                                     text29       000000
__Htext3                                      text3        000000
__Htext30                                     text30       000000
__Htext31                                     text31       000000
__Htext32                                     text32       000000
__Htext33                                     text33       000000
__Htext4                                      text4        000000
__Htext5                                      text5        000000
__Htext6                                      text6        000000
__Htext7                                      text7        000000
__Htext8                                      text8        000000
__Htext9                                      text9        000000
__LRAM                                        (abs)        000001
__Labs1                                       abs1         000000
__Lbank10                                     bank10       000000
__Lbank11                                     bank11       000000
__Lbank12                                     bank12       000000
__Lbank13                                     bank13       000000
__Lbank14                                     bank14       000000
__Lbank15                                     bank15       000000
__Lbank16                                     bank16       000000
__Lbank17                                     bank17       000000
__Lbank18                                     bank18       000000
__Lbank19                                     bank19       000000
__Lbank20                                     bank20       000000
__Lbank21                                     bank21       000000
__Lbank22                                     bank22       000000
__Lbank23                                     bank23       000000
__Lbank24                                     bank24       000000
__Lbank25                                     bank25       000000
__Lbank26                                     bank26       000000
__Lbank27                                     bank27       000000
__Lbank28                                     bank28       000000
__Lbank29                                     bank29       000000
__Lbank30                                     bank30       000000
__Lbank31                                     bank31       000000
__Lbank32                                     bank32       000000
__Lbank33                                     bank33       000000
__Lbank34                                     bank34       000000
__Lbank35                                     bank35       000000
__Lbank36                                     bank36       000000
__Lbank5                                      bank5        000000
__Lbank6                                      bank6        000000
__Lbank7                                      bank7        000000
__Lbank8                                      bank8        000000
__Lbank9                                      bank9        000000
__Lbigbss                                     bigbss       000000
__Lbigdata                                    bigdata      000000
__Lbigram                                     bigram       000000
__Lbigsfr                                     bigsfr       000000
__Lbss                                        bss          000000
__LbssBANK5                                   bssBANK5     000000
__LbssCOMRAM                                  bssCOMRAM    000000
__Lcinit                                      cinit        000000
__Lclrtext                                    clrtext      000000
__Lcomram                                     comram       000000
__Lconfig                                     config       000000
__Lconst                                      const        000000
__LcstackBANK5                                cstackBANK5  000000
__LcstackCOMRAM                               cstackCOMRAM 000000
__Ldata                                       data         000000
__Leeprom_data                                eeprom_data  000000
__Lfarbss                                     farbss       000000
__Lfardata                                    fardata      000000
__Lheap                                       heap         000000
__Libigdata                                   ibigdata     000000
__Lidata                                      idata        000000
__Lidloc                                      idloc        000000
__Lifardata                                   ifardata     000000
__Linit                                       init         01FFFC
__Lintsave_regs                               intsave_regs 000000
__Lirdata                                     irdata       000000
__Lmediumconst                                mediumconst  000000
__LnvBANK5                                    nvBANK5      000000
__LnvFARRAM                                   nvFARRAM     000000
__Lnvbit                                      nvbit        000000
__Lnvrram                                     nvrram       000000
__Lparam                                      rparam       000000
__Lpowerup                                    powerup      000000
__Lram                                        ram          000000
__Lramtop                                     ramtop       002600
__Lrbit                                       rbit         000000
__Lrbss                                       rbss         000000
__Lrdata                                      rdata        000000
__Lreset_vec                                  reset_vec    000000
__Lrparam                                     rparam       000000
__Lsfr                                        sfr          000000
__Lsmallconst                                 smallconst   002600
__Lspace_0                                    (abs)        000000
__Lspace_1                                    (abs)        000000
__Lspace_2                                    (abs)        000000
__Lspace_4                                    (abs)        000000
__Lstack                                      stack        000000
__Lstruct                                     struct       000000
__Ltemp                                       temp         000000
__Ltext                                       text         000000
__Ltext0                                      text0        000000
__Ltext1                                      text1        000000
__Ltext10                                     text10       000000
__Ltext11                                     text11       000000
__Ltext12                                     text12       000000
__Ltext13                                     text13       000000
__Ltext14                                     text14       000000
__Ltext15                                     text15       000000
__Ltext16                                     text16       000000
__Ltext17                                     text17       000000
__Ltext18                                     text18       000000
__Ltext19                                     text19       000000
__Ltext2                                      text2        000000
__Ltext20                                     text20       000000
__Ltext21                                     text21       000000
__Ltext22                                     text22       000000
__Ltext23                                     text23       000000
__Ltext24                                     text24       000000
__Ltext25                                     text25       000000
__Ltext26                                     text26       000000
__Ltext27                                     text27       000000
__Ltext28                                     text28       000000
__Ltext29                                     text29       000000
__Ltext3                                      text3        000000
__Ltext30                                     text30       000000
__Ltext31                                     text31       000000
__Ltext32                                     text32       000000
__Ltext33                                     text33       000000
__Ltext4                                      text4        000000
__Ltext5                                      text5        000000
__Ltext6                                      text6        000000
__Ltext7                                      text7        000000
__Ltext8                                      text8        000000
__Ltext9                                      text9        000000
__S0                                          (abs)        020000
__S1                                          (abs)        000600
__S4                                          (abs)        000000
__S5                                          (abs)        000000
___fladd                                      text17       00303E
___fladd@a                                    cstackCOMRAM 000505
___fladd@aexp                                 cstackCOMRAM 00050E
___fladd@b                                    cstackCOMRAM 000501
___fladd@bexp                                 cstackCOMRAM 00050F
___fladd@grs                                  cstackCOMRAM 000510
___fladd@signs                                cstackCOMRAM 00050D
___fldiv                                      text22       003928
___fldiv@a                                    cstackCOMRAM 000505
___fldiv@aexp                                 cstackCOMRAM 000519
___fldiv@b                                    cstackCOMRAM 000501
___fldiv@bexp                                 cstackCOMRAM 000518
___fldiv@grs                                  cstackCOMRAM 000514
___fldiv@new_exp                              cstackCOMRAM 000512
___fldiv@rem                                  cstackCOMRAM 00050D
___fldiv@sign                                 cstackCOMRAM 000511
___fleq                                       text21       00466A
___fleq@ff1                                   cstackCOMRAM 000501
___fleq@ff2                                   cstackCOMRAM 000505
___flge                                       text20       0043BC
___flge@ff1                                   cstackCOMRAM 00052D
___flge@ff2                                   cstackCOMRAM 000531
___flmul                                      text19       0034FE
___flmul@a                                    cstackCOMRAM 000518
___flmul@aexp                                 cstackCOMRAM 000525
___flmul@b                                    cstackCOMRAM 000514
___flmul@bexp                                 cstackCOMRAM 000526
___flmul@grs                                  cstackCOMRAM 000521
___flmul@prod                                 cstackCOMRAM 000527
___flmul@sign                                 cstackCOMRAM 000520
___flmul@temp                                 cstackCOMRAM 00052B
___flneg                                      text18       004B4E
___flneg@f1                                   cstackCOMRAM 000501
___flsub                                      text16       004A80
___flsub@a                                    cstackCOMRAM 000531
___flsub@b                                    cstackCOMRAM 00052D
___fltol                                      text15       0042B6
___fltol@exp1                                 cstackCOMRAM 00050A
___fltol@f1                                   cstackCOMRAM 000501
___fltol@sign1                                cstackCOMRAM 000509
___fpclassifyf                                text14       0044C0
___fpclassifyf@F465                           bssBANK5     000564
___fpclassifyf@e                              cstackCOMRAM 000509
___fpclassifyf@u                              cstackCOMRAM 00050B
___fpclassifyf@x                              cstackCOMRAM 000501
___heap_hi                                    (abs)        000000
___heap_lo                                    (abs)        000000
___inthi_sp                                   stack        000000
___intlo_sp                                   stack        000000
___param_bank                                 (abs)        000000
___rparam_used                                (abs)        000001
___sp                                         stack        000000
___xxtofl                                     text23       004102
___xxtofl@arg                                 cstackCOMRAM 000510
___xxtofl@exp                                 cstackCOMRAM 00050F
___xxtofl@sign                                cstackCOMRAM 00050E
___xxtofl@val                                 cstackCOMRAM 000506
__accesstop                                   (abs)        000560
__activetblptr                                (abs)        000003
__end_of_ADCC_GetSingleConversion             text33       004BB6
__end_of_ADCC_Initialize                      text32       0049DA
__end_of_OSCILLATOR_Initialize                text31       004C3A
__end_of_PIN_MANAGER_Initialize               text30       00466A
__end_of_PMD_Initialize                       text29       004C02
__end_of_SYSTEM_Initialize                    text24       004C66
__end_of_UART3_Initialize                     text25       004918
__end_of_UART3_SetErrorHandler                text28       004C90
__end_of_UART3_SetFramingErrorHandler         text27       004C82
__end_of_UART3_SetOverrunErrorHandler         text26       004C74
__end_of_UART3_Write                          text10       004C50
__end_of___fladd                              text17       0034FE
__end_of___fldiv                              text22       003CC2
__end_of___fleq                               text21       004714
__end_of___flge                               text20       0044C0
__end_of___flmul                              text19       003928
__end_of___flneg                              text18       004B86
__end_of___flsub                              text16       004AC6
__end_of___fltol                              text15       0043BC
__end_of___fpclassifyf                        text14       0045BE
__end_of___xxtofl                             text23       0042B6
__end_of__initialization                      cinit        004C18
__end_of_efgtoa                               text4        00303E
__end_of_floorf                               text13       004102
__end_of_fputc                                text8        0047AA
__end_of_fputs                                text7        004B4E
__end_of_labs                                 text12       00497E
__end_of_main                                 text0        004836
__end_of_memcpy                               text11       004A80
__end_of_pad                                  text6        0048B0
__end_of_printf                               text1        004BDE
__end_of_putch                                text9        004C9A
__end_of_strcpy                               text5        004B0A
__end_of_vfpfcnvrt                            text3        003EF0
__end_of_vfprintf                             text2        004A30
__initialization                              cinit        004C02
__mediumconst                                 mediumconst  000000
__pbssBANK5                                   bssBANK5     000560
__pbssCOMRAM                                  bssCOMRAM    000559
__pcinit                                      cinit        004C02
__pcstackBANK5                                cstackBANK5  0005B9
__pcstackCOMRAM                               cstackCOMRAM 000501
__pnvBANK5                                    nvBANK5      0005F7
__psmallconst                                 smallconst   002600
__ptext0                                      text0        0047AA
__ptext1                                      text1        004BB6
__ptext10                                     text10       004C3A
__ptext11                                     text11       004A30
__ptext12                                     text12       004918
__ptext13                                     text13       003EF0
__ptext14                                     text14       0044C0
__ptext15                                     text15       0042B6
__ptext16                                     text16       004A80
__ptext17                                     text17       00303E
__ptext18                                     text18       004B4E
__ptext19                                     text19       0034FE
__ptext2                                      text2        0049DA
__ptext20                                     text20       0043BC
__ptext21                                     text21       00466A
__ptext22                                     text22       003928
__ptext23                                     text23       004102
__ptext24                                     text24       004C50
__ptext25                                     text25       0048B0
__ptext26                                     text26       004C66
__ptext27                                     text27       004C74
__ptext28                                     text28       004C82
__ptext29                                     text29       004BDE
__ptext3                                      text3        003CC2
__ptext30                                     text30       0045BE
__ptext31                                     text31       004C1E
__ptext32                                     text32       00497E
__ptext33                                     text33       004B86
__ptext4                                      text4        00261C
__ptext5                                      text5        004AC6
__ptext6                                      text6        004836
__ptext7                                      text7        004B0A
__ptext8                                      text8        004714
__ptext9                                      text9        004C90
__ramtop                                      ramtop       002600
__smallconst                                  smallconst   002600
_dbuf                                         bssBANK5     000569
_efgtoa                                       text4        00261C
_efgtoa$1284                                  cstackBANK5  0005BF
_flags                                        bssBANK5     000568
_floorf                                       text13       003EF0
_fputc                                        text8        004714
_fputs                                        text7        004B0A
_labs                                         text12       004918
_main                                         text0        0047AA
_memcpy                                       text11       004A30
_pad                                          text6        004836
_prec                                         bssCOMRAM    00055B
_printf                                       text1        004BB6
_putch                                        text9        004C90
_strcpy                                       text5        004AC6
_uart3RxLastError                             bssCOMRAM    00055D
_vfpfcnvrt                                    text3        003CC2
_vfprintf                                     text2        0049DA
_width                                        bssCOMRAM    000559
efgtoa@c                                      cstackCOMRAM 00053F
efgtoa@d                                      cstackBANK5  0005C4
efgtoa@e                                      cstackBANK5  0005C8
efgtoa@f                                      cstackCOMRAM 00053B
efgtoa@fp                                     cstackCOMRAM 000539
efgtoa@g                                      cstackBANK5  0005DD
efgtoa@h                                      cstackBANK5  0005D2
efgtoa@i                                      cstackBANK5  0005D0
efgtoa@l                                      cstackBANK5  0005D6
efgtoa@m                                      cstackBANK5  0005C6
efgtoa@mode                                   cstackBANK5  0005C2
efgtoa@n                                      cstackBANK5  0005DB
efgtoa@ne                                     cstackBANK5  0005B9
efgtoa@nmode                                  cstackBANK5  0005C3
efgtoa@ou                                     cstackBANK5  0005CC
efgtoa@p                                      cstackBANK5  0005BB
efgtoa@pp                                     cstackBANK5  0005C1
efgtoa@sign                                   cstackBANK5  0005DA
efgtoa@t                                      cstackBANK5  0005BD
efgtoa@u                                      cstackBANK5  0005E1
efgtoa@w                                      cstackBANK5  0005CA
end_of_initialization                         cinit        004C18
floorf@F526                                   bssBANK5     000560
floorf@e                                      cstackCOMRAM 000528
floorf@m                                      cstackCOMRAM 000524
floorf@u                                      cstackCOMRAM 00052A
floorf@x                                      cstackCOMRAM 00051A
fputc@c                                       cstackCOMRAM 000503
fputc@fp                                      cstackCOMRAM 000505
fputs@c                                       cstackCOMRAM 000510
fputs@fp                                      cstackCOMRAM 00050E
fputs@i                                       cstackCOMRAM 000511
fputs@s                                       cstackCOMRAM 00050C
intlevel0                                     text         000000
intlevel1                                     text         000000
intlevel2                                     text         000000
intlevel3                                     text         000000
isa$std                                       (abs)        000001
isa$xinst                                     (abs)        000000
labs@a                                        cstackCOMRAM 000501
main@res                                      cstackCOMRAM 000555
memcpy@d                                      cstackCOMRAM 000507
memcpy@d1                                     cstackCOMRAM 000501
memcpy@n                                      cstackCOMRAM 000505
memcpy@s                                      cstackCOMRAM 000509
memcpy@s1                                     cstackCOMRAM 000503
memcpy@tmp                                    cstackCOMRAM 00050B
pad@buf                                       cstackCOMRAM 000515
pad@fp                                        cstackCOMRAM 000513
pad@i                                         cstackCOMRAM 00051A
pad@p                                         cstackCOMRAM 000517
pad@w                                         cstackCOMRAM 00051C
printf@ap                                     cstackCOMRAM 000551
printf@fmt                                    cstackBANK5  0005F1
putch@txData                                  cstackCOMRAM 000502
stackhi                                       (abs)        000000
stacklo                                       (abs)        000000
start                                         init         01FFFC
start_initialization                          cinit        004C02
strcpy@d                                      cstackCOMRAM 000507
strcpy@dest                                   cstackCOMRAM 000501
strcpy@s                                      cstackCOMRAM 000505
strcpy@src                                    cstackCOMRAM 000503
vfpfcnvrt@ap                                  cstackBANK5  0005E9
vfpfcnvrt@c                                   cstackCOMRAM 00054C
vfpfcnvrt@convarg                             cstackCOMRAM 000544
vfpfcnvrt@cp                                  cstackCOMRAM 00054D
vfpfcnvrt@fmt                                 cstackBANK5  0005E7
vfpfcnvrt@fp                                  cstackBANK5  0005E5
vfprintf@ap                                   cstackBANK5  0005EF
vfprintf@cfmt                                 cstackCOMRAM 00054F
vfprintf@fmt                                  cstackBANK5  0005ED
vfprintf@fp                                   cstackBANK5  0005EB


MODULE INFORMATION

Module		Function		Class		Link	Load	Size
C:\Program Files\Microchip\xc8\v2.40\pic\sources\c99\common\sprcmul.c
		___flmul       		CODE           	34FE	0000	1066

C:\Program Files\Microchip\xc8\v2.40\pic\sources\c99\common\sprcmul.c estimated size: 1066

C:\Program Files\Microchip\xc8\v2.40\pic\sources\c99\common\nf_fputc.c
		_fputc         		CODE           	4714	0000	150

C:\Program Files\Microchip\xc8\v2.40\pic\sources\c99\common\nf_fputc.c estimated size: 150

C:\Program Files\Microchip\xc8\v2.40\pic\sources\c99\common\sprcdiv.c
		___fldiv       		CODE           	3928	0000	922

C:\Program Files\Microchip\xc8\v2.40\pic\sources\c99\common\sprcdiv.c estimated size: 922

C:\Program Files\Microchip\xc8\v2.40\pic\sources\c99\common\memcpy.c
		_memcpy        		CODE           	4A30	0000	80

C:\Program Files\Microchip\xc8\v2.40\pic\sources\c99\common\memcpy.c estimated size: 80

C:\Program Files\Microchip\xc8\v2.40\pic\sources\c99\common\fltol.c
		___fltol       		CODE           	42B6	0000	262

C:\Program Files\Microchip\xc8\v2.40\pic\sources\c99\common\fltol.c estimated size: 262

C:\Program Files\Microchip\xc8\v2.40\pic\sources\c99\common\fleq.c
		___fleq        		CODE           	466A	0000	170

C:\Program Files\Microchip\xc8\v2.40\pic\sources\c99\common\fleq.c estimated size: 170

C:\Program Files\Microchip\xc8\v2.40\pic\sources\c99\common\printf.c
		_printf        		CODE           	4BB6	0000	40

C:\Program Files\Microchip\xc8\v2.40\pic\sources\c99\common\printf.c estimated size: 40

C:\Program Files\Microchip\xc8\v2.40\pic\sources\c99\common\__fpclassifyf.c
		___fpclassifyf 		CODE           	44C0	0000	254

C:\Program Files\Microchip\xc8\v2.40\pic\sources\c99\common\__fpclassifyf.c estimated size: 254

mcc_generated_files/pin_manager.c
		_PIN_MANAGER_Initialize		CODE           	45BE	0000	172

mcc_generated_files/pin_manager.c estimated size: 172

C:\Program Files\Microchip\xc8\v2.40\pic\sources\c99\common\sprcadd.c
		___flsub       		CODE           	4A80	0000	70
		___fladd       		CODE           	303E	0000	1216

C:\Program Files\Microchip\xc8\v2.40\pic\sources\c99\common\sprcadd.c estimated size: 1286

C:\Program Files\Microchip\xc8\v2.40\pic\sources\c99\common\floorf.c
		_floorf        		CODE           	3EF0	0000	530

C:\Program Files\Microchip\xc8\v2.40\pic\sources\c99\common\floorf.c estimated size: 530

C:\Program Files\Microchip\xc8\v2.40\pic\sources\c99\common\flneg.c
		___flneg       		CODE           	4B4E	0000	56

C:\Program Files\Microchip\xc8\v2.40\pic\sources\c99\common\flneg.c estimated size: 56

mcc_generated_files/uart3.c
		_putch         		CODE           	4C90	0000	10
		_UART3_Write   		CODE           	4C3A	0000	22
		_UART3_SetFramingErrorHandler		CODE           	4C74	0000	14
		_UART3_SetOverrunErrorHandler		CODE           	4C66	0000	14
		_UART3_Initialize		CODE           	48B0	0000	104
		_UART3_SetErrorHandler		CODE           	4C82	0000	14

mcc_generated_files/uart3.c estimated size: 178

C:\Program Files\Microchip\xc8\v2.40\pic\sources\c99\common\labs.c
		_labs          		CODE           	4918	0000	102

C:\Program Files\Microchip\xc8\v2.40\pic\sources\c99\common\labs.c estimated size: 102

C:\Program Files\Microchip\xc8\v2.40\pic\sources\c99\common\xxtofl.c
		___xxtofl      		CODE           	4102	0000	436

C:\Program Files\Microchip\xc8\v2.40\pic\sources\c99\common\xxtofl.c estimated size: 436

C:\Program Files\Microchip\xc8\v2.40\pic\sources\c99\common\nf_fputs.c
		_fputs         		CODE           	4B0A	0000	68

C:\Program Files\Microchip\xc8\v2.40\pic\sources\c99\common\nf_fputs.c estimated size: 68

shared
		__initialization		CODE           	4C02	0000	22

shared estimated size: 22

C:\Program Files\Microchip\xc8\v2.40\pic\sources\c99\common\strcpy.c
		_strcpy        		CODE           	4AC6	0000	68

C:\Program Files\Microchip\xc8\v2.40\pic\sources\c99\common\strcpy.c estimated size: 68

mcc_generated_files/mcc.c
		_PMD_Initialize		CODE           	4BDE	0000	36
		_OSCILLATOR_Initialize		CODE           	4C1E	0000	28
		_SYSTEM_Initialize		CODE           	4C50	0000	22

mcc_generated_files/mcc.c estimated size: 86

C:\Program Files\Microchip\xc8\v2.40\pic\sources\c99\common\flge.c
		___flge        		CODE           	43BC	0000	260

C:\Program Files\Microchip\xc8\v2.40\pic\sources\c99\common\flge.c estimated size: 260

C:\Program Files\Microchip\xc8\v2.40\pic\sources\c99\common\doprnt.c
		_vfpfcnvrt     		CODE           	3CC2	0000	558
		_efgtoa        		CODE           	261C	0000	2594
		_pad           		CODE           	4836	0000	122
		_vfprintf      		CODE           	49DA	0000	86

C:\Program Files\Microchip\xc8\v2.40\pic\sources\c99\common\doprnt.c estimated size: 3360

mcc_generated_files/adcc.c
		_ADCC_GetSingleConversion		CODE           	4B86	0000	48
		_ADCC_Initialize		CODE           	497E	0000	92

mcc_generated_files/adcc.c estimated size: 140

main.c
		_main          		CODE           	47AA	0000	140

main.c estimated size: 140

